// Jest Snapshot v1, https://goo.gl/fbAQLP

exports[`mounts 1`] = `"<!-- fade in --><transition-stub><div class=\\"modal\\" style=\\"display: none;\\"><div class=\\"overlay\\"></div><!-- <div class=\\"overlay\\" key=\\"overlay\\" /> --><div class=\\"content\\"><span class=\\"close x-button\\">‚ùå</span><div class=\\"header-image\\"></div><!-- This form should not trigger a full-page refresh! --><form><p class=\\"modal-title\\">A $10 off Perk for your first order</p><p class=\\"modal-subtitle\\"> Get <b>$10 off</b> your first order of $15+. Now, that's tasty! </p><fieldset><label for=\\"email\\"> Email address <input id=\\"email\\" type=\\"email\\" data-testid=\\"email\\"></label><label for=\\"zip-code\\"> ZIP Code <input id=\\"zip-code\\" type=\\"number\\" data-testid=\\"zip-code\\"></label><!-- When the user clicks the submit button, trigger a form submission --><button class=\\"primary medium w-full\\" type=\\"submit\\">Get $10 off</button></fieldset><div class=\\"footer-links\\"><p><a data-testid=\\"dismiss-text\\" class=\\"close dismiss-text\\" href=\\"#\\">Dismiss</a></p><p><a data-testid=\\"terms-link\\" class=\\"terms\\" href=\\"#\\">Terms apply.</a></p></div></form></div></div></transition-stub>"`;
